DO $$ plpy.notice("This is plpython3u.") $$ LANGUAGE plpythonu;
NOTICE:  This is plpython3u.
DO $$ plpy.notice("This is plpython2u.") $$ LANGUAGE plpython2u;
NOTICE:  This is plpython2u.
DO $$ raise Exception("error test") $$ LANGUAGE plpython3u;
ERROR:  Exception: error test
CONTEXT:  Traceback (most recent call last):
  PL/Python anonymous code block, line 1, in <module>
    raise Exception("error test") 
PL/Python anonymous code block
