--
create extension hstore;
create extension pllua;
create extension hstore_pllua;
--end
